2025-04-14 09:00:30.689 [info] [main] Log level: Info
2025-04-14 09:00:30.689 [info] [main] Validating found git in: "git"
2025-04-14 09:00:30.689 [info] [main] Using git "2.43.0" from "git"
2025-04-14 09:00:30.689 [info] [Model][doInitialScan] Initial repository scan started
2025-04-14 09:00:30.689 [info] > git rev-parse --show-toplevel [4ms]
2025-04-14 09:00:30.689 [info] fatal: not a git repository (or any of the parent directories): .git
2025-04-14 09:00:30.689 [info] [Model][doInitialScan] Initial repository scan completed - repositories (0), closed repositories (0), parent repositories (0), unsafe repositories (0)
2025-04-14 09:00:31.320 [info] > git rev-parse --show-toplevel [103ms]
2025-04-14 09:00:31.321 [info] fatal: not a git repository (or any of the parent directories): .git
2025-04-14 09:00:31.389 [info] > git rev-parse --show-toplevel [11ms]
2025-04-14 09:00:31.390 [info] fatal: not a git repository (or any of the parent directories): .git
2025-04-14 09:00:31.761 [info] > git rev-parse --show-toplevel [13ms]
2025-04-14 09:00:31.761 [info] fatal: not a git repository (or any of the parent directories): .git
2025-04-14 09:00:32.903 [info] > git rev-parse --show-toplevel [11ms]
2025-04-14 09:00:32.903 [info] fatal: not a git repository (or any of the parent directories): .git
2025-04-14 09:00:36.243 [info] > git rev-parse --show-toplevel [4ms]
2025-04-14 09:00:36.243 [info] fatal: not a git repository (or any of the parent directories): .git
2025-04-14 09:00:56.801 [info] > git rev-parse --show-toplevel [68ms]
2025-04-14 09:00:56.802 [info] fatal: not a git repository (or any of the parent directories): .git
2025-04-14 09:42:34.567 [info] > git rev-parse --show-toplevel [23ms]
2025-04-14 09:42:34.572 [info] fatal: not a git repository (or any of the parent directories): .git
2025-04-14 09:43:17.039 [info] > git rev-parse --show-toplevel [19ms]
2025-04-14 09:43:17.039 [info] fatal: not a git repository (or any of the parent directories): .git
2025-04-14 10:08:26.192 [info] > git rev-parse --show-toplevel [49ms]
2025-04-14 10:08:58.991 [info] > git rev-parse --show-toplevel [11ms]
2025-04-14 10:09:02.985 [info] > git rev-parse --show-toplevel [7ms]
2025-04-14 10:14:26.565 [info] > git rev-parse --show-toplevel [12ms]
2025-04-14 10:14:29.209 [info] > git rev-parse --show-toplevel [17ms]
2025-04-14 10:16:34.703 [info] > git rev-parse --show-toplevel [13ms]
2025-04-14 10:16:36.907 [info] > git rev-parse --show-toplevel [8ms]
2025-04-14 10:16:41.180 [info] > git rev-parse --show-toplevel [9ms]
2025-04-14 10:16:44.878 [info] > git rev-parse --show-toplevel [7ms]
2025-04-14 10:16:49.042 [info] > git rev-parse --show-toplevel [12ms]
2025-04-14 10:16:55.230 [info] > git rev-parse --show-toplevel [13ms]
2025-04-14 10:20:21.734 [info] > git rev-parse --show-toplevel [16ms]
2025-04-14 10:20:23.977 [info] > git rev-parse --show-toplevel [8ms]
2025-04-14 10:20:26.746 [info] > git rev-parse --show-toplevel [8ms]
2025-04-14 10:21:17.615 [info] > git rev-parse --show-toplevel [21ms]
2025-04-14 10:21:26.869 [info] > git rev-parse --show-toplevel [11ms]
2025-04-14 10:21:28.090 [info] > git rev-parse --show-toplevel [13ms]
2025-04-14 10:21:33.202 [info] > git rev-parse --show-toplevel [21ms]
