2025-04-14 08:58:08.473 [info] [main] Log level: Info
2025-04-14 08:58:08.473 [info] [main] Validating found git in: "git"
2025-04-14 08:58:08.473 [info] [main] Using git "2.43.0" from "git"
2025-04-14 08:58:08.473 [info] [Model][doInitialScan] Initial repository scan started
2025-04-14 08:58:08.473 [info] > git rev-parse --show-toplevel [21ms]
2025-04-14 08:58:08.473 [info] fatal: not a git repository (or any of the parent directories): .git
2025-04-14 08:58:08.543 [info] > git rev-parse --show-toplevel [14ms]
2025-04-14 08:58:08.545 [info] fatal: not a git repository (or any of the parent directories): .git
2025-04-14 08:58:08.586 [info] > git rev-parse --show-toplevel [27ms]
2025-04-14 08:58:08.592 [info] fatal: not a git repository (or any of the parent directories): .git
2025-04-14 08:58:08.624 [info] > git rev-parse --show-toplevel [16ms]
2025-04-14 08:58:08.624 [info] fatal: not a git repository (or any of the parent directories): .git
2025-04-14 08:58:08.656 [info] > git rev-parse --show-toplevel [23ms]
2025-04-14 08:58:08.656 [info] fatal: not a git repository (or any of the parent directories): .git
2025-04-14 08:58:08.695 [info] > git rev-parse --show-toplevel [21ms]
2025-04-14 08:58:08.696 [info] fatal: not a git repository (or any of the parent directories): .git
2025-04-14 08:58:08.722 [info] > git rev-parse --show-toplevel [6ms]
2025-04-14 08:58:08.722 [info] fatal: not a git repository (or any of the parent directories): .git
2025-04-14 08:58:08.739 [info] > git rev-parse --show-toplevel [6ms]
2025-04-14 08:58:08.739 [info] fatal: not a git repository (or any of the parent directories): .git
2025-04-14 08:58:08.763 [info] > git rev-parse --show-toplevel [12ms]
2025-04-14 08:58:08.764 [info] fatal: not a git repository (or any of the parent directories): .git
2025-04-14 08:58:08.784 [info] > git rev-parse --show-toplevel [8ms]
2025-04-14 08:58:08.784 [info] fatal: not a git repository (or any of the parent directories): .git
2025-04-14 08:58:08.803 [info] > git rev-parse --show-toplevel [7ms]
2025-04-14 08:58:08.804 [info] fatal: not a git repository (or any of the parent directories): .git
2025-04-14 08:58:08.832 [info] > git rev-parse --show-toplevel [10ms]
2025-04-14 08:58:08.832 [info] fatal: not a git repository (or any of the parent directories): .git
2025-04-14 08:58:08.854 [info] > git rev-parse --show-toplevel [7ms]
2025-04-14 08:58:08.854 [info] fatal: not a git repository (or any of the parent directories): .git
2025-04-14 08:58:08.894 [info] > git rev-parse --show-toplevel [23ms]
2025-04-14 08:58:08.894 [info] fatal: not a git repository (or any of the parent directories): .git
2025-04-14 08:58:08.917 [info] > git rev-parse --show-toplevel [7ms]
2025-04-14 08:58:08.918 [info] fatal: not a git repository (or any of the parent directories): .git
2025-04-14 08:58:08.935 [info] > git rev-parse --show-toplevel [6ms]
2025-04-14 08:58:08.936 [info] fatal: not a git repository (or any of the parent directories): .git
2025-04-14 08:58:08.953 [info] > git rev-parse --show-toplevel [6ms]
2025-04-14 08:58:08.953 [info] fatal: not a git repository (or any of the parent directories): .git
2025-04-14 08:58:08.961 [info] [Model][doInitialScan] Initial repository scan completed - repositories (0), closed repositories (0), parent repositories (0), unsafe repositories (0)
2025-04-14 09:00:23.406 [info] > git rev-parse --show-toplevel [56ms]
2025-04-14 09:00:23.408 [info] fatal: not a git repository (or any of the parent directories): .git
2025-04-14 09:00:56.489 [info] > git rev-parse --show-toplevel [23ms]
2025-04-14 09:00:56.490 [info] fatal: not a git repository (or any of the parent directories): .git
